#-----------------------------------------------------------
# Vivado v2025.2 (64-bit)
# SW Build 6299465 on Fri Nov 14 12:34:56 MST 2025
# IP Build 6300035 on Fri Nov 14 10:48:45 MST 2025
# SharedData Build 6298862 on Thu Nov 13 04:50:51 MST 2025
# Start of session at: Tue May 12 12:16:04 2026
# Process ID         : 115114
# Current directory  : /home/deepaung/Courses/hw-syn-lab-i/final-project
# Command line       : vivado
# Log file           : /home/deepaung/Courses/hw-syn-lab-i/final-project/vivado.log
# Journal file       : /home/deepaung/Courses/hw-syn-lab-i/final-project/vivado.jou
# Running On         : archlinux
# Platform           : Arch
# Operating System   : Arch Linux
# Processor Detail   : 11th Gen Intel(R) Core(TM) i5-11300H @ 3.10GHz
# CPU Frequency      : 3034.086 MHz
# CPU Physical cores : 4
# CPU Logical cores  : 8
# Host memory        : 16440 MB
# Swap memory        : 16775 MB
# Total Virtual      : 33216 MB
# Available Virtual  : 27373 MB
#-----------------------------------------------------------
start_gui
open_project /home/deepaung/Courses/hw-syn-lab-i/final-project/vivado/vivado.xpr
update_compile_order -fileset sources_1
export_ip_user_files -of_objects  [get_files /home/deepaung/Courses/hw-syn-lab-i/final-project/verilog/vga_controller.v] -no_script -reset -force -quiet
remove_files  /home/deepaung/Courses/hw-syn-lab-i/final-project/verilog/vga_controller.v
# Disabling source management mode.  This is to allow the top design properties to be set without GUI intervention.
set_property source_mgmt_mode None [current_project]
set_property top top [current_fileset]
# Re-enabling previously disabled source management mode.
set_property source_mgmt_mode All [current_project]
update_compile_order -fileset sources_1
reset_run synth_1
launch_runs impl_1 -to_step write_bitstream -jobs 8
wait_on_run impl_1
add_files -norecurse {/home/deepaung/Courses/hw-syn-lab-i/final-project/verilog/camera_capture.v /home/deepaung/Courses/hw-syn-lab-i/final-project/verilog/camera_config.v /home/deepaung/Courses/hw-syn-lab-i/final-project/verilog/debounce.v /home/deepaung/Courses/hw-syn-lab-i/final-project/verilog/sccb_sender.v /home/deepaung/Courses/hw-syn-lab-i/final-project/verilog/vga_display.v /home/deepaung/Courses/hw-syn-lab-i/final-project/verilog/top.v /home/deepaung/Courses/hw-syn-lab-i/final-project/verilog/clock_gen.v /home/deepaung/Courses/hw-syn-lab-i/final-project/verilog/top_test.v}
update_compile_order -fileset sources_1
reset_run synth_1
launch_runs impl_1 -to_step write_bitstream -jobs 8
wait_on_run impl_1
open_hw_manager
connect_hw_server -allow_non_jtag
open_hw_target
set_property PROGRAM.FILE {/home/deepaung/Courses/hw-syn-lab-i/final-project/vivado/vivado.runs/impl_1/top.bit} [get_hw_devices xc7a35t_0]
set_property PROBES.FILE {} [get_hw_devices xc7a35t_0]
set_property FULL_PROBES.FILE {} [get_hw_devices xc7a35t_0]
set_property PROGRAM.FILE {/home/deepaung/Courses/hw-syn-lab-i/final-project/vivado/vivado.runs/impl_1/top.bit} [get_hw_devices xc7a35t_0]
program_hw_devices [get_hw_devices xc7a35t_0]
refresh_hw_device [lindex [get_hw_devices xc7a35t_0] 0]
