Copyright 1986-2022 Xilinx, Inc. All Rights Reserved. Copyright 2022-2025 Advanced Micro Devices, Inc. All Rights Reserved.
---------------------------------------------------------------------------------------------------------------------------------------------
| Tool Version : Vivado v.2025.2 (lin64) Build 6299465 Fri Nov 14 12:34:56 MST 2025
| Date         : Tue Apr 21 15:16:09 2026
| Host         : archlinux running 64-bit Arch Linux
| Command      : report_control_sets -verbose -file top_control_sets_placed.rpt
| Design       : top
| Device       : xc7a35t
---------------------------------------------------------------------------------------------------------------------------------------------

Control Set Information

Table of Contents
-----------------
1. Summary
2. Histogram
3. Flip-Flop Distribution
4. Detailed Control Set Information

1. Summary
----------

+----------------------------------------------------------+-------+
|                          Status                          | Count |
+----------------------------------------------------------+-------+
| Total control sets                                       |     6 |
|    Minimum number of control sets                        |     6 |
|    Addition due to synthesis replication                 |     0 |
|    Addition due to physical synthesis replication        |     0 |
| Unused register locations in slices containing registers |    31 |
+----------------------------------------------------------+-------+
* Control sets can be merged at opt_design using control_set_merge or merge_equivalent_drivers
** Run report_qor_suggestions for automated merging and remapping suggestions


2. Histogram
------------

+--------------------+-------+
|       Fanout       | Count |
+--------------------+-------+
| Total control sets |     6 |
| >= 0 to < 4        |     2 |
| >= 4 to < 6        |     0 |
| >= 6 to < 8        |     0 |
| >= 8 to < 10       |     0 |
| >= 10 to < 12      |     2 |
| >= 12 to < 14      |     0 |
| >= 14 to < 16      |     0 |
| >= 16              |     2 |
+--------------------+-------+
* Control sets can be remapped at either synth_design or opt_design


3. Flip-Flop Distribution
-------------------------

+--------------+-----------------------+------------------------+-----------------+--------------+
| Clock Enable | Synchronous Set/Reset | Asynchronous Set/Reset | Total Registers | Total Slices |
+--------------+-----------------------+------------------------+-----------------+--------------+
| No           | No                    | No                     |               3 |            2 |
| No           | No                    | Yes                    |              44 |           13 |
| No           | Yes                   | No                     |              24 |            6 |
| Yes          | No                    | No                     |               0 |            0 |
| Yes          | No                    | Yes                    |              10 |            3 |
| Yes          | Yes                   | No                     |               0 |            0 |
+--------------+-----------------------+------------------------+-----------------+--------------+


4. Detailed Control Set Information
-----------------------------------

+-------------------------------------+-------------------------+---------------------+------------------+----------------+--------------+
|             Clock Signal            |      Enable Signal      |   Set/Reset Signal  | Slice Load Count | Bel Load Count | Bels / Slice |
+-------------------------------------+-------------------------+---------------------+------------------+----------------+--------------+
| ~clock_gen_inst/counter_reg[0]_0[0] |                         |                     |                1 |              1 |         1.00 |
|  clk_100MHz_IBUF_BUFG               |                         |                     |                1 |              2 |         2.00 |
|  clock_gen_inst/CLK                 |                         | debounce_inst/AR[0] |                3 |             10 |         3.33 |
|  clock_gen_inst/CLK                 | vga_c/v_count_next_1[0] | debounce_inst/AR[0] |                3 |             10 |         3.33 |
| ~clock_gen_inst/counter_reg[0]_0[0] |                         | debounce_inst/clear |                6 |             24 |         4.00 |
|  clk_100MHz_IBUF_BUFG               |                         | debounce_inst/AR[0] |               10 |             34 |         3.40 |
+-------------------------------------+-------------------------+---------------------+------------------+----------------+--------------+


