Copyright 1986-2022 Xilinx, Inc. All Rights Reserved. Copyright 2022-2025 Advanced Micro Devices, Inc. All Rights Reserved.
---------------------------------------------------------------------------------------------------------------------------------------------
| Tool Version : Vivado v.2025.2 (lin64) Build 6299465 Fri Nov 14 12:34:56 MST 2025
| Date         : Tue Apr 21 15:16:07 2026
| Host         : archlinux running 64-bit Arch Linux
| Command      : report_drc -file top_drc_opted.rpt -pb top_drc_opted.pb -rpx top_drc_opted.rpx
| Design       : top
| Device       : xc7a35tcpg236-1
| Speed File   : -1
| Design State : Synthesized
---------------------------------------------------------------------------------------------------------------------------------------------

Report DRC

Table of Contents
-----------------
1. REPORT SUMMARY
2. REPORT DETAILS

1. REPORT SUMMARY
-----------------
            Netlist: netlist
          Floorplan: design_1
      Design limits: <entire design considered>
           Ruledeck: default
             Max checks: <unlimited>
             Checks found: 1
+-------------+----------+-------------------------------------------------------------+--------+
| Rule        | Severity | Description                                                 | Checks |
+-------------+----------+-------------------------------------------------------------+--------+
| PLHOLDVIO-2 | Warning  | Non-Optimal connections which could lead to hold violations | 1      |
+-------------+----------+-------------------------------------------------------------+--------+

2. REPORT DETAILS
-----------------
PLHOLDVIO-2#1 Warning
Non-Optimal connections which could lead to hold violations  
A LUT clock_gen_inst/h_count_next[9]_i_2 is driving clock pin of 20 cells. This could lead to large hold time violations. Involved cells are:
vga_c/h_count_next_reg[0], vga_c/h_count_next_reg[1],
vga_c/h_count_next_reg[2], vga_c/h_count_next_reg[3],
vga_c/h_count_next_reg[4], vga_c/h_count_next_reg[5],
vga_c/h_count_next_reg[6], vga_c/h_count_next_reg[7],
vga_c/h_count_next_reg[8], vga_c/h_count_next_reg[9],
vga_c/v_count_next_reg[0], vga_c/v_count_next_reg[1],
vga_c/v_count_next_reg[2], vga_c/v_count_next_reg[3],
vga_c/v_count_next_reg[4] (the first 15 of 20 listed)
Related violations: <none>


